Archive member included because of file (symbol)

/home/srinivasulu/Freescale_BSP/Build/tmp/sysroots/imx6ulevk/usr/lib/arm-poky-linux-gnueabi/4.9.2/libgcc.a(_udivsi3.o)
                              arch/arm/cpu/armv7/built-in.o (__aeabi_uidiv)
/home/srinivasulu/Freescale_BSP/Build/tmp/sysroots/imx6ulevk/usr/lib/arm-poky-linux-gnueabi/4.9.2/libgcc.a(_divsi3.o)
                              common/built-in.o (__aeabi_idiv)
/home/srinivasulu/Freescale_BSP/Build/tmp/sysroots/imx6ulevk/usr/lib/arm-poky-linux-gnueabi/4.9.2/libgcc.a(_lshrdi3.o)
                              lib/built-in.o (__aeabi_llsr)
/home/srinivasulu/Freescale_BSP/Build/tmp/sysroots/imx6ulevk/usr/lib/arm-poky-linux-gnueabi/4.9.2/libgcc.a(_ashldi3.o)
                              drivers/mmc/built-in.o (__aeabi_llsl)
/home/srinivasulu/Freescale_BSP/Build/tmp/sysroots/imx6ulevk/usr/lib/arm-poky-linux-gnueabi/4.9.2/libgcc.a(_dvmd_lnx.o)
                              /home/srinivasulu/Freescale_BSP/Build/tmp/sysroots/imx6ulevk/usr/lib/arm-poky-linux-gnueabi/4.9.2/libgcc.a(_udivsi3.o) (__aeabi_idiv0)

Discarded input sections

 .data          0x0000000000000000        0x0 arch/arm/cpu/armv7/start.o
 .bss           0x0000000000000000        0x0 arch/arm/cpu/armv7/start.o
 .text.v7_arch_cp15_set_l2aux_ctrl
                0x0000000000000000        0x8 arch/arm/cpu/armv7/built-in.o
 .text.v7_arch_cp15_set_acr
                0x0000000000000000        0x8 arch/arm/cpu/armv7/built-in.o
 .text.sdelay   0x0000000000000000        0xc arch/arm/cpu/armv7/built-in.o
 .text.wait_on_value
                0x0000000000000000       0x34 arch/arm/cpu/armv7/built-in.o
 .text.get_nr_cpus
                0x0000000000000000       0x10 arch/arm/cpu/armv7/built-in.o
 .text.get_board_rev
                0x0000000000000000       0x30 arch/arm/cpu/armv7/built-in.o
 .text.get_boot_device
                0x0000000000000000       0x9c arch/arm/cpu/armv7/built-in.o
 .text.enable_usdhc_clk
                0x0000000000000000       0x4c arch/arm/cpu/armv7/built-in.o
 .text.enable_spi_clk
                0x0000000000000000       0x44 arch/arm/cpu/armv7/built-in.o
 .text.mxs_set_vadcclk
                0x0000000000000000       0x24 arch/arm/cpu/armv7/built-in.o
 .data          0x0000000000000000        0x0 arch/arm/cpu/armv7/built-in.o
 .bss           0x0000000000000000        0x0 arch/arm/cpu/armv7/built-in.o
 .text          0x0000000000000000        0x0 arch/arm/imx-common/built-in.o
 .text.imx_iomux_set_gpr_register
                0x0000000000000000       0x3c arch/arm/imx-common/built-in.o
 .text.get_imx_reset_cause
                0x0000000000000000       0x10 arch/arm/imx-common/built-in.o
 .text.imx_ddr_size
                0x0000000000000000       0x64 arch/arm/imx-common/built-in.o
 .text.set_chipselect_size
                0x0000000000000000       0x84 arch/arm/imx-common/built-in.o
 .text.usec2ticks
                0x0000000000000000       0x64 arch/arm/imx-common/built-in.o
 .rodata.col_lookup
                0x0000000000000000        0x8 arch/arm/imx-common/built-in.o
 .rodata.bank_lookup
                0x0000000000000000        0x2 arch/arm/imx-common/built-in.o
 .data          0x0000000000000000        0x0 arch/arm/imx-common/built-in.o
 .bss           0x0000000000000000        0x0 arch/arm/imx-common/built-in.o
 .text.flush_cache
                0x0000000000000000        0x4 arch/arm/lib/built-in.o
 .text.flush_dcache_all
                0x0000000000000000        0xc arch/arm/lib/built-in.o
 .text.enable_caches
                0x0000000000000000        0xc arch/arm/lib/built-in.o
 .text.arm_init_before_mmu
                0x0000000000000000        0x4 arch/arm/lib/built-in.o
 .text.mmu_page_table_flush
                0x0000000000000000        0x4 arch/arm/lib/built-in.o
 .data          0x0000000000000000        0x0 arch/arm/lib/built-in.o
 .__secure_start
                0x0000000000000000        0x0 arch/arm/lib/built-in.o
 .__secure_end  0x0000000000000000        0x0 arch/arm/lib/built-in.o
 .bss           0x0000000000000000        0x0 arch/arm/lib/built-in.o
 .text          0x0000000000000000        0x0 board/freescale/mx6ul_14x14_evk/built-in.o
 .text.iox74lv_set
                0x0000000000000000      0x118 board/freescale/mx6ul_14x14_evk/built-in.o
 .text.mmc_map_to_kernel_blk
                0x0000000000000000        0x4 board/freescale/mx6ul_14x14_evk/built-in.o
 .data          0x0000000000000000        0x0 board/freescale/mx6ul_14x14_evk/built-in.o
 .bss           0x0000000000000000        0x0 board/freescale/mx6ul_14x14_evk/built-in.o
 .text          0x0000000000000000        0x0 common/built-in.o
 .text.hash_finish_crc32
                0x0000000000000000       0x30 common/built-in.o
 .text.hash_update_crc32
                0x0000000000000000       0x24 common/built-in.o
 .text.hash_init_crc32
                0x0000000000000000       0x24 common/built-in.o
 .text.hash_lookup_algo
                0x0000000000000000       0x28 common/built-in.o
[...]
Memory Configuration

Name             Origin             Length             Attributes
*default*        0x0000000000000000 0xffffffffffffffff

Linker script and memory map

Address of section .text set to 0x87800000
                0x0000000000000000                . = 0x0
                0x0000000000000000                . = ALIGN (0x4)

.text           0x0000000087800000    0x32870
 *(.__image_copy_start)
 .__image_copy_start
                0x0000000087800000        0x0 arch/arm/lib/built-in.o
                0x0000000087800000                __image_copy_start
 *(.vectors)
 .vectors       0x0000000087800000      0x300 arch/arm/lib/built-in.o
                0x0000000087800000                _start
                0x0000000087800020                _undefined_instruction
                0x0000000087800024                _software_interrupt
                0x0000000087800028                _prefetch_abort
                0x000000008780002c                _data_abort
                0x0000000087800030                _not_used
                0x0000000087800034                _irq
                0x0000000087800038                _fiq
                0x0000000087800040                IRQ_STACK_START_IN
 arch/arm/cpu/armv7/start.o(.text*)
 .text          0x0000000087800300       0xb0 arch/arm/cpu/armv7/start.o
                0x0000000087800300                reset
                0x0000000087800304                save_boot_params_ret
                0x0000000087800340                c_runtime_cpu_setup
                0x0000000087800350                save_boot_params
                0x0000000087800354                cpu_init_cp15
                0x00000000878003a8                cpu_init_crit
 *(.text*)
 .text          0x00000000878003b0       0x1c arch/arm/cpu/armv7/built-in.o
                0x00000000878003b0                lowlevel_init
 .text.v7_maint_dcache_all
                0x00000000878003cc       0xd0 arch/arm/cpu/armv7/built-in.o
 .text.invalidate_icache_all
                0x000000008780049c       0x18 arch/arm/cpu/armv7/built-in.o
                0x000000008780049c                invalidate_icache_all
 .text.v7_outer_cache_enable
                0x00000000878004b4        0x4 arch/arm/cpu/armv7/built-in.o
                0x00000000878004b4                v7_outer_cache_enable
 .text.v7_outer_cache_disable
                0x00000000878004b8        0x4 arch/arm/cpu/armv7/built-in.o
                0x00000000878004b8                v7_outer_cache_disable
 .text.v7_outer_cache_flush_all
                0x00000000878004bc        0x4 arch/arm/cpu/armv7/built-in.o
                0x00000000878004bc                v7_outer_cache_flush_all
 .text.flush_dcache_all
                0x00000000878004c0       0x14 arch/arm/cpu/armv7/built-in.o
                0x00000000878004c0                flush_dcache_all
 .text.v7_outer_cache_inval_all
                0x00000000878004d4        0x4 arch/arm/cpu/armv7/built-in.o
                0x00000000878004d4                v7_outer_cache_inval_all
 .text.invalidate_dcache_all
                0x00000000878004d8       0x14 arch/arm/cpu/armv7/built-in.o
                0x00000000878004d8                invalidate_dcache_all
 .text.arm_init_before_mmu
                0x00000000878004ec       0x28 arch/arm/cpu/armv7/built-in.o
                0x00000000878004ec                arm_init_before_mmu
 .text.v7_outer_cache_flush_range
                0x0000000087800514        0x4 arch/arm/cpu/armv7/built-in.o
                0x0000000087800514                v7_outer_cache_flush_range
 .text.flush_dcache_range
                0x0000000087800518       0x3c arch/arm/cpu/armv7/built-in.o
                0x0000000087800518                flush_dcache_range
 .text.mmu_page_table_flush
                0x0000000087800554       0x24 arch/arm/cpu/armv7/built-in.o
                0x0000000087800554                mmu_page_table_flush
 .text.flush_cache
                0x0000000087800578        0x8 arch/arm/cpu/armv7/built-in.o
                0x0000000087800578                flush_cache
 .text.v7_outer_cache_inval_range
                0x0000000087800580        0x4 arch/arm/cpu/armv7/built-in.o
                0x0000000087800580                v7_outer_cache_inval_range
 .text.invalidate_dcache_range
                0x0000000087800584       0xac arch/arm/cpu/armv7/built-in.o
                0x0000000087800584                invalidate_dcache_range
 .text.cpu_cache_initialization
                0x0000000087800630        0x4 arch/arm/cpu/armv7/built-in.o
                0x0000000087800630                cpu_cache_initialization
 .text.cleanup_before_linux
                0x0000000087800634       0x28 arch/arm/cpu/armv7/built-in.o
                0x0000000087800634                cleanup_before_linux
 .text.get_cpu_rev
                0x000000008780065c       0x68 arch/arm/cpu/armv7/built-in.o
                0x000000008780065c                get_cpu_rev
 .text.init_aips
                0x00000000878006c4       0x58 arch/arm/cpu/armv7/built-in.o
                0x00000000878006c4                init_aips
 .text.arch_cpu_init
                0x000000008780071c       0x88 arch/arm/cpu/armv7/built-in.o
                0x000000008780071c                arch_cpu_init
 .text.board_postclk_init
                0x00000000878007a4       0x50 arch/arm/cpu/armv7/built-in.o
                0x00000000878007a4                board_postclk_init
 .text.enable_caches
                0x00000000878007f4       0x34 arch/arm/cpu/armv7/built-in.o
                0x00000000878007f4                enable_caches
 .text.imx_get_mac_from_fuse
                0x0000000087800828       0x78 arch/arm/cpu/armv7/built-in.o
                0x0000000087800828                imx_get_mac_from_fuse
 .text.boot_mode_apply
                0x00000000878008a0       0x24 arch/arm/cpu/armv7/built-in.o
                0x00000000878008a0                boot_mode_apply
 .text.s_init   0x00000000878008c4       0x88 arch/arm/cpu/armv7/built-in.o
                0x00000000878008c4                s_init
 .text.set_wdog_reset
                0x000000008780094c       0x18 arch/arm/cpu/armv7/built-in.o
                0x000000008780094c                set_wdog_reset
 .text.get_ipg_clk
                0x0000000087800964       0x28 arch/arm/cpu/armv7/built-in.o
 .text.get_uart_clk
                0x000000008780098c       0x5c arch/arm/cpu/armv7/built-in.o
 .text.mxc_get_pll_pfd
                0x00000000878009e8       0x98 arch/arm/cpu/armv7/built-in.o
 .text.get_usdhc_clk
                0x0000000087800a80       0x6c arch/arm/cpu/armv7/built-in.o
 .text.enable_ocotp_clk
                0x0000000087800aec       0x24 arch/arm/cpu/armv7/built-in.o
                0x0000000087800aec                enable_ocotp_clk
 .text.enable_usboh3_clk
                0x0000000087800b10       0x24 arch/arm/cpu/armv7/built-in.o
                0x0000000087800b10                enable_usboh3_clk
 .text.enable_enet_clk
                0x0000000087800b34       0x24 arch/arm/cpu/armv7/built-in.o
                0x0000000087800b34                enable_enet_clk
 .text.enable_i2c_clk
                0x0000000087800b58       0x60 arch/arm/cpu/armv7/built-in.o
                0x0000000087800b58                enable_i2c_clk
 .text.get_periph_clk
                0x0000000087800bb8       0xdc arch/arm/cpu/armv7/built-in.o
                0x0000000087800bb8                get_periph_clk
 .text.get_axi_clk
                0x0000000087800c94       0x4c arch/arm/cpu/armv7/built-in.o
 .text.enable_lcdif_clock
                0x0000000087800ce0       0x40 arch/arm/cpu/armv7/built-in.o
                0x0000000087800ce0                enable_lcdif_clock
 .text.mxs_set_lcdclk
                0x0000000087800d20      0x230 arch/arm/cpu/armv7/built-in.o
                0x0000000087800d20                mxs_set_lcdclk
 .text.enable_qspi_clk
                0x0000000087800f50       0x4c arch/arm/cpu/armv7/built-in.o
                0x0000000087800f50                enable_qspi_clk
 .text.enable_fec_anatop_clock
                0x0000000087800f9c       0x98 arch/arm/cpu/armv7/built-in.o
                0x0000000087800f9c                enable_fec_anatop_clock
 .text.imx_get_uartclk
                0x0000000087801034        0x4 arch/arm/cpu/armv7/built-in.o
                0x0000000087801034                imx_get_uartclk
 .text.enable_thermal_clk
                0x0000000087801038       0x48 arch/arm/cpu/armv7/built-in.o
                0x0000000087801038                enable_thermal_clk
 .text.mxc_get_clock
                0x0000000087801080      0x280 arch/arm/cpu/armv7/built-in.o
                0x0000000087801080                mxc_get_clock
 .text.imx_get_fecclk
                0x0000000087801300        0x8 arch/arm/cpu/armv7/built-in.o
                0x0000000087801300                imx_get_fecclk
 .text.do_mx6_showclocks
                0x0000000087801308      0x230 arch/arm/cpu/armv7/built-in.o
                0x0000000087801308                do_mx6_showclocks
 .text.imx_iomux_v3_setup_pad
                0x0000000087801538       0xb0 arch/arm/imx-common/built-in.o
                0x0000000087801538                imx_iomux_v3_setup_pad
 .text.imx_iomux_v3_setup_multiple_pads
                0x00000000878015e8       0x2c arch/arm/imx-common/built-in.o
                0x00000000878015e8                imx_iomux_v3_setup_multiple_pads
 .text.get_imx_type
                0x0000000087801614       0x20 arch/arm/imx-common/built-in.o
                0x0000000087801614                get_imx_type
 .text.print_cpuinfo
                0x0000000087801634      0x1d8 arch/arm/imx-common/built-in.o
                0x0000000087801634                print_cpuinfo
 .text.cpu_eth_init
                0x000000008780180c        0x4 arch/arm/imx-common/built-in.o
                0x000000008780180c                cpu_eth_init
 .text.cpu_mmc_init
                0x0000000087801810        0x4 arch/arm/imx-common/built-in.o
                0x0000000087801810                cpu_mmc_init
 .text.get_ahb_clk
                0x0000000087801814       0x24 arch/arm/imx-common/built-in.o
                0x0000000087801814                get_ahb_clk
 .text.arch_preboot_os
                0x0000000087801838        0x4 arch/arm/imx-common/built-in.o
                0x0000000087801838                arch_preboot_os
 .text.get_clocks
                0x000000008780183c       0x1c arch/arm/imx-common/built-in.o
                0x000000008780183c                get_clocks
 .text.force_idle_bus
                0x0000000087801858      0x1c4 arch/arm/imx-common/built-in.o
 .text.setup_i2c
                0x0000000087801a1c       0xe4 arch/arm/imx-common/built-in.o
                0x0000000087801a1c                setup_i2c
 .text.mxs_wait_mask_set
                0x0000000087801b00       0x40 arch/arm/imx-common/built-in.o
                0x0000000087801b00                mxs_wait_mask_set
 .text.mxs_wait_mask_clr
                0x0000000087801b40       0x3c arch/arm/imx-common/built-in.o
                0x0000000087801b40                mxs_wait_mask_clr
 .text.mxs_reset_block
                0x0000000087801b7c       0x90 arch/arm/imx-common/built-in.o
                0x0000000087801b7c                mxs_reset_block
 .text.timer_init
                0x0000000087801c0c       0x3c arch/arm/imx-common/built-in.o
                0x0000000087801c0c                timer_init
 .text.get_ticks
                0x0000000087801c48       0x18 arch/arm/imx-common/built-in.o
                0x0000000087801c48                get_ticks
 .text.get_timer_masked
                0x0000000087801c60       0x5c arch/arm/imx-common/built-in.o
                0x0000000087801c60                get_timer_masked
 .text.get_timer
                0x0000000087801cbc       0x14 arch/arm/imx-common/built-in.o
                0x0000000087801cbc                get_timer
 .text.__udelay
                0x0000000087801cd0       0x80 arch/arm/imx-common/built-in.o
                0x0000000087801cd0                __udelay
 .text.get_tbclk
                0x0000000087801d50        0x8 arch/arm/imx-common/built-in.o
                0x0000000087801d50                get_tbclk
 .text.create_usage
                0x0000000087801d58       0xa0 arch/arm/imx-common/built-in.o
 .text.do_boot_mode
                0x0000000087801df8       0xcc arch/arm/imx-common/built-in.o
 .text.add_board_boot_modes
                0x0000000087801ec4       0x60 arch/arm/imx-common/built-in.o
                0x0000000087801ec4                add_board_boot_modes
 .text          0x0000000087801f24       0xa8 arch/arm/lib/built-in.o
                0x0000000087801f24                _main
 .text.relocate_vectors
                0x0000000087801fcc       0x70 arch/arm/lib/built-in.o
                0x0000000087801fcc                relocate_vectors
                0x0000000087801fd8                relocate_code
 .text.arch_fixup_fdt
                0x000000008780203c       0x38 arch/arm/lib/built-in.o
                0x000000008780203c                arch_fixup_fdt
 .text.boot_jump_linux
                0x0000000087802074       0xb8 arch/arm/lib/built-in.o
 .text.arch_lmb_reserve
                0x000000008780212c       0x24 arch/arm/lib/built-in.o
                0x000000008780212c                arch_lmb_reserve
 .text.setup_board_tags
                0x0000000087802150        0x4 arch/arm/lib/built-in.o
                0x0000000087802150                setup_board_tags
 .text.boot_prep_linux
                0x0000000087802154      0x194 arch/arm/lib/built-in.o
 .text.do_bootm_linux
                0x00000000878022e8       0x5c arch/arm/lib/built-in.o
                0x00000000878022e8                do_bootm_linux
 .text.bootz_setup
                0x0000000087802344       0x60 arch/arm/lib/built-in.o
                0x0000000087802344                bootz_setup
 .text.boot_prep_vxworks
                0x00000000878023a4       0x50 arch/arm/lib/built-in.o
                0x00000000878023a4                boot_prep_vxworks
 .text.boot_jump_vxworks
                0x00000000878023f4        0xc arch/arm/lib/built-in.o
                0x00000000878023f4                boot_jump_vxworks
 .text.arch_reserve_stacks
                0x0000000087802400       0x1c arch/arm/lib/built-in.o
                0x0000000087802400                arch_reserve_stacks
 .text.interrupt_init
                0x000000008780241c       0x1c arch/arm/lib/built-in.o
                0x000000008780241c                interrupt_init
 .text.enable_interrupts
                0x0000000087802438        0x4 arch/arm/lib/built-in.o
                0x0000000087802438                enable_interrupts
 .text.disable_interrupts
                0x000000008780243c        0x8 arch/arm/lib/built-in.o
                0x000000008780243c                disable_interrupts
 .text.bad_mode
                0x0000000087802444       0x10 arch/arm/lib/built-in.o
                0x0000000087802444                bad_mode
 .text.show_regs
                0x0000000087802454      0x174 arch/arm/lib/built-in.o
                0x0000000087802454                show_regs
 .text.do_undefined_instruction
                0x00000000878025c8       0x20 arch/arm/lib/built-in.o
                0x00000000878025c8                do_undefined_instruction
 .text.do_software_interrupt
                0x00000000878025e8       0x20 arch/arm/lib/built-in.o
                0x00000000878025e8                do_software_interrupt
 .text.do_prefetch_abort
                0x0000000087802608       0x20 arch/arm/lib/built-in.o
                0x0000000087802608                do_prefetch_abort
 .text.do_data_abort
                0x0000000087802628       0x20 arch/arm/lib/built-in.o
                0x0000000087802628                do_data_abort
 .text.do_not_used
                0x0000000087802648       0x20 arch/arm/lib/built-in.o
                0x0000000087802648                do_not_used
 .text.do_fiq   0x0000000087802668       0x20 arch/arm/lib/built-in.o
                0x0000000087802668                do_fiq
 .text.do_irq   0x0000000087802688       0x20 arch/arm/lib/built-in.o
                0x0000000087802688                do_irq
 .text.reset_misc
                0x00000000878026a8        0x4 arch/arm/lib/built-in.o
                0x00000000878026a8                reset_misc
 .text.do_reset
                0x00000000878026ac       0x30 arch/arm/lib/built-in.o
                0x00000000878026ac                do_reset
 .text.cp_delay
                0x00000000878026dc       0x30 arch/arm/lib/built-in.o
 .text.cache_disable
                0x000000008780270c       0x50 arch/arm/lib/built-in.o
 .text.arm_init_domains
                0x000000008780275c        0x4 arch/arm/lib/built-in.o
                0x000000008780275c                arm_init_domains
 .text.set_section_dcache
                0x0000000087802760       0x14 arch/arm/lib/built-in.o
                0x0000000087802760                set_section_dcache
 .text.mmu_set_region_dcache_behaviour
                0x0000000087802774       0x50 arch/arm/lib/built-in.o
                0x0000000087802774                mmu_set_region_dcache_behaviour
 .text.dram_bank_mmu_setup
                0x00000000878027c4       0x44 arch/arm/lib/built-in.o
                0x00000000878027c4                dram_bank_mmu_setup
 .text.icache_enable
                0x0000000087802808       0x18 arch/arm/lib/built-in.o
                0x0000000087802808                icache_enable
 .text.icache_disable
                0x0000000087802820        0x8 arch/arm/lib/built-in.o
                0x0000000087802820                icache_disable
 .text.icache_status
                0x0000000087802828        0xc arch/arm/lib/built-in.o
                0x0000000087802828                icache_status
 .text.dcache_enable
                0x0000000087802834       0x6c arch/arm/lib/built-in.o
                0x0000000087802834                dcache_enable
 .text.dcache_disable
                0x00000000878028a0        0x8 arch/arm/lib/built-in.o
                0x00000000878028a0                dcache_disable
 .text.dcache_status
                0x00000000878028a8        0xc arch/arm/lib/built-in.o
                0x00000000878028a8                dcache_status
 .text.do_enable_parallel_lcd
                0x00000000878028b4       0x4c board/freescale/mx6ul_14x14_evk/built-in.o
                0x00000000878028b4                do_enable_parallel_lcd
 .text.iox74lv_init
                0x0000000087802900      0x108 board/freescale/mx6ul_14x14_evk/built-in.o
                0x0000000087802900                iox74lv_init
 .text.dram_init
                0x0000000087802a08       0x10 board/freescale/mx6ul_14x14_evk/built-in.o
                0x0000000087802a08                dram_init
 .text.board_qspi_init
                0x0000000087802a18       0x24 board/freescale/mx6ul_14x14_evk/built-in.o
                0x0000000087802a18                board_qspi_init
 .text.mmc_get_env_devno
                0x0000000087802a3c       0x20 board/freescale/mx6ul_14x14_evk/built-in.o
                0x0000000087802a3c                mmc_get_env_devno
 .text.board_mmc_getcd
                0x0000000087802a5c       0x80 board/freescale/mx6ul_14x14_evk/built-in.o
                0x0000000087802a5c                board_mmc_getcd
 .text.board_mmc_init
                0x0000000087802adc       0xd8 board/freescale/mx6ul_14x14_evk/built-in.o
                0x0000000087802adc                board_mmc_init
 .text.check_mmc_autodetect
                0x0000000087802bb4       0x38 board/freescale/mx6ul_14x14_evk/built-in.o
                0x0000000087802bb4                check_mmc_autodetect
 .text.board_late_mmc_init
                0x0000000087802bec       0x78 board/freescale/mx6ul_14x14_evk/built-in.o
                0x0000000087802bec                board_late_mmc_init
 .text.board_video_skip
                0x0000000087802c64       0xec board/freescale/mx6ul_14x14_evk/built-in.o
                0x0000000087802c64                board_video_skip
 .text.board_eth_init
                0x0000000087802d50       0x58 board/freescale/mx6ul_14x14_evk/built-in.o
                0x0000000087802d50                board_eth_init
 .text.board_phy_config
                0x0000000087802da8       0x4c board/freescale/mx6ul_14x14_evk/built-in.o
                0x0000000087802da8                board_phy_config
 .text.board_usb_phy_mode
                0x0000000087802df4       0x14 board/freescale/mx6ul_14x14_evk/built-in.o
                0x0000000087802df4                board_usb_phy_mode
 .text.board_ehci_hcd_init
                0x0000000087802e08       0x28 board/freescale/mx6ul_14x14_evk/built-in.o
                0x0000000087802e08                board_ehci_hcd_init
 .text.board_early_init_f
                0x0000000087802e30       0x1c board/freescale/mx6ul_14x14_evk/built-in.o
                0x0000000087802e30                board_early_init_f
 .text.board_init
                0x0000000087802e4c       0x94 board/freescale/mx6ul_14x14_evk/built-in.o
                0x0000000087802e4c                board_init
 .text.board_late_init
                0x0000000087802ee0       0x28 board/freescale/mx6ul_14x14_evk/built-in.o
                0x0000000087802ee0                board_late_init
 .text.get_board_rev
                0x0000000087802f08        0x4 board/freescale/mx6ul_14x14_evk/built-in.o
                0x0000000087802f08                get_board_rev
 .text.checkboard
                0x0000000087802f0c       0x18 board/freescale/mx6ul_14x14_evk/built-in.o
                0x0000000087802f0c                checkboard
 .text.show_boot_progress
                0x0000000087802f24        0x4 common/built-in.o
                0x0000000087802f24                show_boot_progress
 .text.main_loop
                0x0000000087802f28       0x20 common/built-in.o
                0x0000000087802f28                main_loop
 .text.dummy    0x0000000087802f48        0x4 common/built-in.o
 .text.get_version
                0x0000000087802f4c        0x8 common/built-in.o
                0x0000000087802f4c                get_version
 .text.jumptable_init
                0x0000000087802f54      0x1c0 common/built-in.o
                0x0000000087802f54                jumptable_init
 .text.hash_command
                0x0000000087803114       0xb4 common/built-in.o
                0x0000000087803114                hash_command
 .text.b_reset  0x00000000878031c8       0x1c common/built-in.o
 .text.static_get
                0x00000000878031e4       0x1c common/built-in.o
 .text.static_peek
                0x0000000087803200        0xc common/built-in.o
 .text.file_peek
                0x000000008780320c        0xc common/built-in.o
 .text.mapset   0x0000000087803218       0x20 common/built-in.o
 .text.syntax_err
                0x0000000087803238        0xc common/built-in.o
 .text.free_pipe_list
                0x0000000087803244       0xf0 common/built-in.o
 .text.xmalloc  0x0000000087803334       0x20 common/built-in.o
 .text.new_pipe
                0x0000000087803354       0x28 common/built-in.o
 .text.xrealloc
                0x000000008780337c       0x20 common/built-in.o
 .text.done_command
                0x000000008780339c       0x88 common/built-in.o
 .text.done_pipe
                0x0000000087803424       0x48 common/built-in.o
 .text.done_word
                0x000000008780346c      0x2d8 common/built-in.o
 .text.do_showvar
                0x0000000087803744       0xfc common/built-in.o
 .text.is_assignment
                0x0000000087803840       0x5c common/built-in.o
 .text.file_get
                0x000000008780389c      0x1ec common/built-in.o
 .text.b_addchr
                0x0000000087803a88       0x78 common/built-in.o
 .text.b_addqchr
                0x0000000087803b00       0x50 common/built-in.o
 .text.get_local_var
                0x0000000087803b50       0xa0 common/built-in.o
                0x0000000087803b50                get_local_var
 .text.set_local_var
                0x0000000087803bf0      0x1ac common/built-in.o
                0x0000000087803bf0                set_local_var
 .text.insert_var_value_sub
                0x0000000087803d9c      0x2c0 common/built-in.o
 .text.parse_string_outer
                0x000000008780405c       0xe4 common/built-in.o
                0x000000008780405c                parse_string_outer
 .text.run_list_real
                0x0000000087804140      0x7e4 common/built-in.o
 .text.parse_stream_outer
                0x0000000087804924      0x6d4 common/built-in.o
 .text.parse_file_outer
                0x0000000087804ff8       0x44 common/built-in.o
                0x0000000087804ff8                parse_file_outer
 .text.u_boot_hush_start
                0x000000008780503c       0x54 common/built-in.o
                0x000000008780503c                u_boot_hush_start
 .text.bootdelay_process
                0x0000000087805090       0xd0 common/built-in.o
                0x0000000087805090                bootdelay_process
 .text.autoboot_command
                0x0000000087805160       0xd0 common/built-in.o
                0x0000000087805160                autoboot_command
 .text.display_text_info
                0x0000000087805230        0x8 common/built-in.o
 .text.setup_mon_len
                0x0000000087805238       0x20 common/built-in.o
 .text.setup_fdt
                0x0000000087805258        0x8 common/built-in.o
 .text.reserve_round_4k
                0x0000000087805260       0x18 common/built-in.o
 .text.reserve_mmu
                0x0000000087805278       0x38 common/built-in.o
 .text.reserve_trace
                0x00000000878052b0        0x8 common/built-in.o
 .text.reserve_uboot
                0x00000000878052b8       0x30 common/built-in.o
 .text.reserve_malloc
                0x00000000878052e8       0x18 common/built-in.o
 .text.setup_machine
                0x0000000087805300        0x8 common/built-in.o
 .text.reserve_global_data
                0x0000000087805308       0x1c common/built-in.o
 .text.reserve_fdt
                0x0000000087805324       0x4c common/built-in.o
 .text.display_new_sp
                0x0000000087805370        0x8 common/built-in.o
 .text.initf_malloc
                0x0000000087805378       0x1c common/built-in.o
 .text.reserve_arch
                0x0000000087805394        0x8 common/built-in.o
                0x0000000087805394                reserve_arch
 .text.setup_reloc
                0x000000008780539c       0x2c common/built-in.o
 .text.reloc_fdt
                0x00000000878053c8       0x30 common/built-in.o
 .text.announce_dram_init
                0x00000000878053f8       0x18 common/built-in.o
 .text.init_func_i2c
                0x0000000087805410       0x28 common/built-in.o
 .text.init_baud_rate
                0x0000000087805438       0x2c common/built-in.o
 .text.initf_dm
                0x0000000087805464        0x8 common/built-in.o
 .text.mark_bootstage
                0x000000008780546c       0x14 common/built-in.o
 .text.reserve_board
                0x0000000087805480       0x38 common/built-in.o
 .text.coloured_LED_init
                0x00000000878054b8        0x4 common/built-in.o
                0x00000000878054b8                coloured_LED_init
 .text.red_led_on
                0x00000000878054bc        0x4 common/built-in.o
                0x00000000878054bc                red_led_on
 .text.board_add_ram_info
                0x00000000878054c0        0x4 common/built-in.o
                0x00000000878054c0                board_add_ram_info
 .text.show_dram_config
                0x00000000878054c4       0x38 common/built-in.o
 .text.dram_init_banksize
                0x00000000878054fc       0x20 common/built-in.o
                0x00000000878054fc                dram_init_banksize
 .text.setup_dram_config
                0x000000008780551c       0x10 common/built-in.o
 .text.board_get_usable_ram_top
                0x000000008780552c       0x14 common/built-in.o
                0x000000008780552c                board_get_usable_ram_top
 .text.setup_dest_addr
                0x0000000087805540       0x3c common/built-in.o
 .text.reserve_stacks
                0x000000008780557c       0x1c common/built-in.o
 .text.board_init_f
                0x0000000087805598       0x28 common/built-in.o
                0x0000000087805598                board_init_f
 .text.bootstage_relocate
                0x00000000878055c0        0x8 common/built-in.o
 .text.initr_trace
                0x00000000878055c8        0x8 common/built-in.o
 .text.initr_reloc_global_data
                0x00000000878055d0       0x28 common/built-in.o
 .text.initr_barrier
                0x00000000878055f8        0x8 common/built-in.o
 .text.power_init_board
                0x0000000087805600        0x8 common/built-in.o
                0x0000000087805600                power_init_board
 .text.initr_announce
                0x0000000087805608        0x8 common/built-in.o
 .text.run_main_loop
                0x0000000087805610        0xc common/built-in.o
 .text.initr_net
                0x000000008780561c       0x20 common/built-in.o
 .text.initr_ethaddr
                0x000000008780563c       0x20 common/built-in.o
 .text.initr_enable_interrupts
                0x000000008780565c       0x10 common/built-in.o
 .text.initr_jumptable
                0x000000008780566c       0x10 common/built-in.o
 .text.initr_env
                0x000000008780567c       0x30 common/built-in.o
 .text.initr_mmc
                0x00000000878056ac       0x20 common/built-in.o
 .text.initr_serial
                0x00000000878056cc       0x10 common/built-in.o
 .text.initr_dm
                0x00000000878056dc       0x14 common/built-in.o
 .text.initr_malloc
                0x00000000878056f0       0x24 common/built-in.o
 .text.initr_caches
                0x0000000087805714       0x10 common/built-in.o
 .text.initr_reloc
                0x0000000087805724       0x24 common/built-in.o
 .text.cpu_secondary_init_r
                0x0000000087805748        0x4 common/built-in.o
                0x0000000087805748                cpu_secondary_init_r
 .text.initr_secondary_cpu
                0x000000008780574c       0x10 common/built-in.o
 .text.board_init_r
                0x000000008780575c       0x14 common/built-in.o
                0x000000008780575c                board_init_r
 .text.show_board_info
                0x0000000087805770        0x4 common/built-in.o
                0x0000000087805770                show_board_info
 .text.do_go_exec
                0x0000000087805774       0x10 common/built-in.o
                0x0000000087805774                do_go_exec
 .text.do_go    0x0000000087805784       0x6c common/built-in.o
 .text.do_bootm
                0x00000000878057f0      0x118 common/built-in.o
                0x00000000878057f0                do_bootm
 .text.do_bootd
                0x0000000087805908       0x20 common/built-in.o
                0x0000000087805908                do_bootd
 .text.image_info
                0x0000000087805928       0xcc common/built-in.o
 .text.do_iminfo
                0x00000000878059f4       0x60 common/built-in.o
 .text.bootm_maybe_autostart
                0x0000000087805a54       0x78 common/built-in.o
                0x0000000087805a54                bootm_maybe_autostart
 .text.do_bootz
                0x0000000087805acc       0xf8 common/built-in.o
                0x0000000087805acc                do_bootz
 .text.bootm_find_ramdisk_fdt
                0x0000000087805bc4       0xa8 common/built-in.o
                0x0000000087805bc4                bootm_find_ramdisk_fdt
 .text.bootm_decomp_image
                0x0000000087805c6c      0x150 common/built-in.o
                0x0000000087805c6c                bootm_decomp_image
 .text.bootm_disable_interrupts
                0x0000000087805dbc       0x18 common/built-in.o
                0x0000000087805dbc                bootm_disable_interrupts
 .text.do_bootm_states
                0x0000000087805dd4      0x74c common/built-in.o
                0x0000000087805dd4                do_bootm_states
 .text.do_bootm_standalone
                0x0000000087806520       0x64 common/built-in.o
 .text.do_bootvx_fdt
                0x0000000087806584      0x10c common/built-in.o
                0x0000000087806584                do_bootvx_fdt
 .text.do_bootm_vxworks
                0x0000000087806690       0x24 common/built-in.o
 .text.boot_selected_os
                0x00000000878066b4       0x58 common/built-in.o
                0x00000000878066b4                boot_selected_os
 .text.bootm_os_get_boot_func
                0x000000008780670c       0x10 common/built-in.o
                0x000000008780670c                bootm_os_get_boot_func
 .text.do_help  0x000000008780671c       0x48 common/built-in.o
 .text.do_version
                0x0000000087806764       0x38 common/built-in.o
 .text.env_attr_walk
                0x000000008780679c      0x114 common/built-in.o
                0x000000008780679c                env_attr_walk
 .text.env_attr_lookup
                0x00000000878068b0      0x18c common/built-in.o
                0x00000000878068b0                env_attr_lookup
 .text.clear_callback
                0x0000000087806a3c       0x10 common/built-in.o
 .text.find_env_callback
                0x0000000087806a4c       0x68 common/built-in.o
 .text.on_callbacks
                0x0000000087806ab4       0x48 common/built-in.o
 .text.set_callback
                0x0000000087806afc       0x94 common/built-in.o
 .text.env_callback_init
                0x0000000087806b90       0xc4 common/built-in.o
                0x0000000087806b90                env_callback_init
 .text.skip_num
                0x0000000087806c54       0x70 common/built-in.o
 .text.clear_flags
                0x0000000087806cc4       0x10 common/built-in.o
 .text.on_flags
                0x0000000087806cd4       0x48 common/built-in.o
 .text.env_flags_parse_vartype
                0x0000000087806d1c       0x50 common/built-in.o
                0x0000000087806d1c                env_flags_parse_vartype
 .text.env_flags_parse_varaccess
                0x0000000087806d6c       0x58 common/built-in.o
                0x0000000087806d6c                env_flags_parse_varaccess
 .text.set_flags
                0x0000000087806dc4       0xac common/built-in.o
 .text.env_flags_init
                0x0000000087806e70       0xd8 common/built-in.o
                0x0000000087806e70                env_flags_init
 .text.env_flags_validate
                0x0000000087806f48      0x324 common/built-in.o
                0x0000000087806f48                env_flags_validate
 .text.mmc_get_env_addr
                0x000000008780726c       0x10 common/built-in.o
                0x000000008780726c                mmc_get_env_addr
 .text.env_init
                0x000000008780727c       0x1c common/built-in.o
                0x000000008780727c                env_init
 .text.mmc_get_env_part
                0x0000000087807298        0x8 common/built-in.o
                0x0000000087807298                mmc_get_env_part
 .text.init_mmc_for_env
                0x00000000878072a0       0x78 common/built-in.o
 .text.fini_mmc_for_env
                0x0000000087807318       0x30 common/built-in.o
 .text.saveenv  0x0000000087807348      0x10c common/built-in.o
                0x0000000087807348                saveenv
 .text.env_relocate_spec
                0x0000000087807454       0xe0 common/built-in.o
                0x0000000087807454                env_relocate_spec
 .text.source   0x0000000087807534       0xd8 common/built-in.o
                0x0000000087807534                source
 .text.do_source
                0x000000008780760c       0x48 common/built-in.o
 .text.print_num
                0x0000000087807654       0x18 common/built-in.o
 .text.do_bdinfo
                0x000000008780766c      0x18c common/built-in.o
 .text.do_bmp   0x00000000878077f8       0x54 common/built-in.o
 .text.do_bmp_info
                0x000000008780784c       0xfc common/built-in.o
 .text.bmp_display
                0x0000000087807948       0x38 common/built-in.o
                0x0000000087807948                bmp_display
 .text.do_bmp_display
                0x0000000087807980       0xbc common/built-in.o
 .text.parse_argv
                0x0000000087807a3c       0x64 common/built-in.o
 .text.do_icache
                0x0000000087807aa0       0x88 common/built-in.o
 .text.do_dcache
                0x0000000087807b28       0x88 common/built-in.o
 .text.do_coninfo
                0x0000000087807bb0       0xbc common/built-in.o
 .text.do_echo  0x0000000087807c6c       0xb0 common/built-in.o
 .text.do_exit  0x0000000087807d1c       0x30 common/built-in.o
 .text.do_fat_size
                0x0000000087807d4c       0x18 common/built-in.o
                0x0000000087807d4c                do_fat_size
 .text.do_fat_fsload
                0x0000000087807d64       0x18 common/built-in.o
                0x0000000087807d64                do_fat_fsload
 .text.do_fat_ls
                0x0000000087807d7c       0x18 common/built-in.o
 .text.do_fat_fsinfo
                0x0000000087807d94       0x90 common/built-in.o
 .text.fdt_valid
                0x0000000087807e24       0xbc common/built-in.o
 .text.is_printable_string
                0x0000000087807ee0       0x98 common/built-in.o
 .text.print_data
                0x0000000087807f78      0x174 common/built-in.o
 .text.set_working_fdt_addr
                0x00000000878080ec       0x1c common/built-in.o
                0x00000000878080ec                set_working_fdt_addr
 .text.do_fdt   0x0000000087808108      0xe90 common/built-in.o
 .text.fdt_find_and_setprop
                0x0000000087808f98       0x70 common/built-in.o
                0x0000000087808f98                fdt_find_and_setprop
 .text.fdt_find_or_add_subnode
                0x0000000087809008       0x68 common/built-in.o
                0x0000000087809008                fdt_find_or_add_subnode
 .text.fdt_initrd
                0x0000000087809070      0x1d0 common/built-in.o
                0x0000000087809070                fdt_initrd
 .text.fdt_chosen
                0x0000000087809240       0xa8 common/built-in.o
                0x0000000087809240                fdt_chosen
 .text.do_fixup_by_path
                0x00000000878092e8       0x54 common/built-in.o
                0x00000000878092e8                do_fixup_by_path
 .text.fdt_fixup_memory_banks
                0x000000008780933c      0x1a4 common/built-in.o
                0x000000008780933c                fdt_fixup_memory_banks
 .text.fdt_fixup_memory
                0x00000000878094e0       0x20 common/built-in.o
                0x00000000878094e0                fdt_fixup_memory
 .text.fdt_fixup_ethernet
                0x0000000087809500      0x158 common/built-in.o
                0x0000000087809500                fdt_fixup_ethernet
 .text.fdt_shrink_to_minimum
                0x0000000087809658       0xcc common/built-in.o
                0x0000000087809658                fdt_shrink_to_minimum
 .text.do_flinfo
                0x0000000087809724        0x8 common/built-in.o
 .text.do_flerase
                0x000000008780972c        0x8 common/built-in.o
 .text.do_protect
                0x0000000087809734       0x10 common/built-in.o
 .text.strtou32
                0x0000000087809744       0x48 common/built-in.o
 .text.do_fuse  0x000000008780978c      0x360 common/built-in.o
 .text.do_i2c   0x0000000087809aec       0x64 common/built-in.o
 .text.do_i2c_reset
                0x0000000087809b50       0x30 common/built-in.o
 .text.do_i2c_probe
                0x0000000087809b80       0x9c common/built-in.o
 .text.do_i2c_bus_num
                0x0000000087809c1c       0xb8 common/built-in.o
 .text.do_i2c_bus_speed
                0x0000000087809cd4       0x74 common/built-in.o
 .text.do_i2c_show_bus
                0x0000000087809d48       0xd8 common/built-in.o
 .text.get_alen.constprop.5
                0x0000000087809e20       0x3c common/built-in.o
 .text.do_i2c_crc
                0x0000000087809e5c      0x124 common/built-in.o
 .text.do_i2c_read
                0x0000000087809f80       0xbc common/built-in.o
 .text.do_i2c_md
                0x000000008780a03c      0x1e8 common/built-in.o
 .text.do_i2c_mw
                0x000000008780a224      0x100 common/built-in.o
 .text.do_i2c_write
                0x000000008780a324      0x14c common/built-in.o
 .text.mod_i2c_mem.isra.4
                0x000000008780a470      0x208 common/built-in.o
 .text.do_i2c_nm
                0x000000008780a678        0x8 common/built-in.o
 .text.do_i2c_mm
                0x000000008780a680        0x8 common/built-in.o
 .text.do_i2c_loop
                0x000000008780a688       0xe4 common/built-in.o
 .text.i2c_init_board
                0x000000008780a76c        0x4 common/built-in.o
                0x000000008780a76c                i2c_init_board
 .text.evalexp  0x000000008780a770       0x74 common/built-in.o
 .text.evalstr  0x000000008780a7e4       0x6c common/built-in.o
 .text.binary_test
                0x000000008780a850      0x1b0 common/built-in.o
 .text.do_itest
                0x000000008780aa00       0x98 common/built-in.o
 .text.bin_data_init
                0x000000008780aa98       0x2c common/built-in.o
 .text.k_data_save
                0x000000008780aac4       0x4c common/built-in.o
 .text.k_data_restore
                0x000000008780ab10       0x4c common/built-in.o
 .text.getcxmodem
                0x000000008780ab5c       0x20 common/built-in.o
 .text.load_serial_ymodem
                0x000000008780ab7c       0xcc common/built-in.o
 .text.bin_data_char
                0x000000008780ac48       0x2c common/built-in.o
 .text.chk1.constprop.1
                0x000000008780ac74       0x2c common/built-in.o
 .text.s1_sendpacket.constprop.2
                0x000000008780aca0       0x50 common/built-in.o
 .text.load_serial
                0x000000008780acf0      0x1e0 common/built-in.o
 .text.do_load_serial
                0x000000008780aed0       0xdc common/built-in.o
 .text.do_load_serial_bin
                0x000000008780afac      0x7b4 common/built-in.o
 .text.do_mem_mw
                0x000000008780b760       0xc0 common/built-in.o
 .text.do_mem_loop
                0x000000008780b820       0xec common/built-in.o
 .text.do_mem_md
                0x000000008780b90c       0xec common/built-in.o
 .text.do_mem_cmp
                0x000000008780b9f8      0x16c common/built-in.o
 .text.do_mem_base
                0x000000008780bb64       0x40 common/built-in.o
 .text.do_mem_cp
                0x000000008780bba4       0xd8 common/built-in.o
 .text.do_mem_crc
                0x000000008780bc7c       0x48 common/built-in.o
 .text.do_mem_mtest
                0x000000008780bcc4      0x200 common/built-in.o
 .text.mod_mem.isra.2
                0x000000008780bec4      0x164 common/built-in.o
 .text.do_mem_mm
                0x000000008780c028        0x8 common/built-in.o
 .text.do_mem_nm
                0x000000008780c030        0x8 common/built-in.o
 .text.miiphy_get_dev_by_name
                0x000000008780c038       0x60 common/built-in.o
                0x000000008780c038                miiphy_get_dev_by_name
 .text.miiphy_init
                0x000000008780c098       0x24 common/built-in.o
                0x000000008780c098                miiphy_init
 .text.mdio_alloc
                0x000000008780c0bc       0x30 common/built-in.o
                0x000000008780c0bc                mdio_alloc
 .text.mdio_register
                0x000000008780c0ec       0xa0 common/built-in.o
                0x000000008780c0ec                mdio_register
 .text.mdio_list_devices
                0x000000008780c18c       0x98 common/built-in.o
                0x000000008780c18c                mdio_list_devices
 .text.miiphy_set_current_dev
                0x000000008780c224       0x40 common/built-in.o
                0x000000008780c224                miiphy_set_current_dev
 .text.miiphy_get_active_dev
                0x000000008780c264       0x54 common/built-in.o
 .text.mdio_get_current_dev
                0x000000008780c2b8       0x10 common/built-in.o
                0x000000008780c2b8                mdio_get_current_dev
 .text.mdio_phydev_for_ethname
                0x000000008780c2c8       0x88 common/built-in.o
                0x000000008780c2c8                mdio_phydev_for_ethname
 .text.miiphy_get_current_dev
                0x000000008780c350       0x18 common/built-in.o
                0x000000008780c350                miiphy_get_current_dev
 .text.miiphy_read
                0x000000008780c368       0x4c common/built-in.o
                0x000000008780c368                miiphy_read
 .text.miiphy_write
                0x000000008780c3b4       0x40 common/built-in.o
                0x000000008780c3b4                miiphy_write
 .text.miiphy_listdev
                0x000000008780c3f4       0x74 common/built-in.o
                0x000000008780c3f4                miiphy_listdev
 .text.miiphy_info
                0x000000008780c468       0x88 common/built-in.o
                0x000000008780c468                miiphy_info
 .text.miiphy_speed
                0x000000008780c4f0       0x94 common/built-in.o
                0x000000008780c4f0                miiphy_speed
 .text.miiphy_duplex
                0x000000008780c584       0x94 common/built-in.o
                0x000000008780c584                miiphy_duplex
 .text.miiphy_is_1000base_x
                0x000000008780c618        0x8 common/built-in.o
                0x000000008780c618                miiphy_is_1000base_x
 .text.extract_range
                0x000000008780c620       0xe4 common/built-in.o
 .text.do_mii   0x000000008780c704      0x7a4 common/built-in.o
 .text.do_mdio  0x000000008780cea8      0x4b8 common/built-in.o
 .text.do_sleep
                0x000000008780d360       0x70 common/built-in.o
 .text.do_mmcops
                0x000000008780d3d0       0xb4 common/built-in.o
 .text.init_mmc_device
                0x000000008780d484       0x54 common/built-in.o
 .text.do_mmc_rescan
                0x000000008780d4d8       0x24 common/built-in.o
 .text.do_mmc_rst_func
                0x000000008780d4fc       0xa0 common/built-in.o
 .text.do_mmc_partconf
                0x000000008780d59c       0xb4 common/built-in.o
 .text.do_mmc_boot_resize
                0x000000008780d650       0xcc common/built-in.o
 .text.do_mmc_bootbus
                0x000000008780d71c       0xb4 common/built-in.o
 .text.do_mmc_hwpartition
                0x000000008780d7d0      0x51c common/built-in.o
 .text.do_mmc_list
                0x000000008780dcec       0x14 common/built-in.o
 .text.do_mmc_dev
                0x000000008780dd00      0x134 common/built-in.o
 .text.do_mmc_part
                0x000000008780de34       0x5c common/built-in.o
 .text.do_mmc_erase
                0x000000008780de90       0xe8 common/built-in.o
 .text.do_mmc_write
                0x000000008780df78      0x100 common/built-in.o
 .text.do_mmc_read
                0x000000008780e078       0xec common/built-in.o
 .text.do_mmcinfo
                0x000000008780e164      0x370 common/built-in.o
 .text.do_mmc_setdsr
                0x000000008780e4d4       0xb0 common/built-in.o
 .text.netboot_common
                0x000000008780e584      0x294 common/built-in.o
 .text.do_bootp
                0x000000008780e818        0xc common/built-in.o
 .text.do_dhcp  0x000000008780e824        0xc common/built-in.o
 .text.do_nfs   0x000000008780e830        0xc common/built-in.o
 .text.do_tftpb
                0x000000008780e83c       0x40 common/built-in.o
                0x000000008780e83c                do_tftpb
 .text.do_ping  0x000000008780e87c       0x7c common/built-in.o
 .text.bytes_per_second
                0x000000008780e8f8       0x50 common/built-in.o
 .text.do_spi_flash
                0x000000008780e948      0x748 common/built-in.o
 .text.do_false
                0x000000008780f090        0x8 common/built-in.o
 .text.do_true  0x000000008780f098        0x8 common/built-in.o
 .text.do_test  0x000000008780f0a0      0x33c common/built-in.o
 .text.usb_get_class_desc
                0x000000008780f3dc       0xbc common/built-in.o
 .text.usb_display_class_sub
                0x000000008780f498      0x170 common/built-in.o
 .text.usb_find_device
                0x000000008780f608       0x3c common/built-in.o
 .text.usb_show_tree_graph
                0x000000008780f644      0x21c common/built-in.o
 .text.usb_display_string
                0x000000008780f860       0x44 common/built-in.o
 .text.usb_display_config
                0x000000008780f8a4      0x20c common/built-in.o
 .text.do_usbboot
                0x000000008780fab0        0xc common/built-in.o
 .text.do_usb_start
                0x000000008780fabc       0x44 common/built-in.o
 .text.usb_display_desc.part.3
                0x000000008780fb00      0x12c common/built-in.o
 .text.do_usb   0x000000008780fc2c      0x780 common/built-in.o
 .text.usb_set_maxpacket_ep
                0x00000000878103ac       0x70 common/built-in.o
 .text.usb_stop
                0x000000008781041c       0x80 common/built-in.o
                0x000000008781041c                usb_stop
 .text.usb_disable_asynch
                0x000000008781049c       0x20 common/built-in.o
                0x000000008781049c                usb_disable_asynch
 .text.usb_control_msg
                0x00000000878104bc       0xc4 common/built-in.o
                0x00000000878104bc                usb_control_msg
 .text.usb_get_descriptor
                0x0000000087810580       0x50 common/built-in.o
 .text.usb_get_string
                0x00000000878105d0       0x6c common/built-in.o
 .text.usb_string_sub
                0x000000008781063c      0x108 common/built-in.o
 .text.usb_bulk_msg
                0x0000000087810744       0x74 common/built-in.o
                0x0000000087810744                usb_bulk_msg
 .text.usb_maxpacket
                0x00000000878107b8       0x1c common/built-in.o
                0x00000000878107b8                usb_maxpacket
 .text.usb_clear_halt
                0x00000000878107d4       0x8c common/built-in.o
                0x00000000878107d4                usb_clear_halt
 .text.usb_get_configuration_no
                0x0000000087810860       0xbc common/built-in.o
                0x0000000087810860                usb_get_configuration_no
 .text.usb_set_interface
                0x000000008781091c       0xa8 common/built-in.o
                0x000000008781091c                usb_set_interface
 .text.usb_string
                0x00000000878109c4      0x100 common/built-in.o
                0x00000000878109c4                usb_string
 .text.usb_get_dev_index
                0x0000000087810ac4       0x24 common/built-in.o
                0x0000000087810ac4                usb_get_dev_index
 .text.usb_alloc_new_device
                0x0000000087810ae8       0x94 common/built-in.o
                0x0000000087810ae8                usb_alloc_new_device
 .text.usb_free_device
                0x0000000087810b7c       0x48 common/built-in.o
                0x0000000087810b7c                usb_free_device
 .text.usb_alloc_device
                0x0000000087810bc4        0x8 common/built-in.o
                0x0000000087810bc4                usb_alloc_device
 .text.usb_new_device
                0x0000000087810bcc      0x5c8 common/built-in.o
                0x0000000087810bcc                usb_new_device
 .text.usb_init
                0x0000000087811194      0x154 common/built-in.o
                0x0000000087811194                usb_init
 .text.usb_set_port_feature
                0x00000000878112e8       0x4c common/built-in.o
 .text.usb_hub_power_on
                0x0000000087811334       0x44 common/built-in.o
 .text.usb_get_port_status
                0x0000000087811378       0x4c common/built-in.o
 .text.usb_clear_port_feature
                0x00000000878113c4       0x4c common/built-in.o
 .text.usb_get_hub_descriptor
                0x0000000087811410       0x50 common/built-in.o
 .text.usb_hub_reset_devices
                0x0000000087811460        0x4 common/built-in.o
                0x0000000087811460                usb_hub_reset_devices
 .text.usb_hub_reset
                0x0000000087811464       0x14 common/built-in.o
                0x0000000087811464                usb_hub_reset
 .text.hub_port_reset
                0x0000000087811478       0x98 common/built-in.o
                0x0000000087811478                hub_port_reset
 .text.usb_hub_port_connect_change
                0x0000000087811510      0x120 common/built-in.o
                0x0000000087811510                usb_hub_port_connect_change
 .text.usb_hub_configure
                0x0000000087811630      0x2d8 common/built-in.o
 .text.usb_hub_probe
                0x0000000087811908       0x58 common/built-in.o
                0x0000000087811908                usb_hub_probe
 .text.usb_stor_irq
                0x0000000087811960       0x1c common/built-in.o
 .text.usb_stor_BBB_reset
                0x000000008781197c       0xd0 common/built-in.o
 .text.usb_stor_CB_reset
                0x0000000087811a4c       0xcc common/built-in.o
 .text.usb_stor_BBB_clear_endpt_stall.isra.2
                0x0000000087811b18       0x40 common/built-in.o
 .text.usb_stor_BBB_transport
                0x0000000087811b58      0x26c common/built-in.o
 .text.usb_stor_CB_comdat
                0x0000000087811dc4      0x208 common/built-in.o
 .text.usb_stor_CBI_get_status.isra.4
                0x0000000087811fcc       0xc8 common/built-in.o
 .text.usb_stor_CB_transport
                0x0000000087812094      0x228 common/built-in.o
 .text.usb_request_sense.constprop.10
                0x00000000878122bc       0x70 common/built-in.o
 .text.usb_stor_write
                0x000000008781232c      0x1cc common/built-in.o
                0x000000008781232c                usb_stor_write
 .text.usb_stor_read
                0x00000000878124f8      0x1cc common/built-in.o
                0x00000000878124f8                usb_stor_read
 .text.usb_stor_get_dev
                0x00000000878126c4       0x28 common/built-in.o
                0x00000000878126c4                usb_stor_get_dev
 .text.usb_stor_info
                0x00000000878126ec       0x74 common/built-in.o
                0x00000000878126ec                usb_stor_info
 .text.usb_storage_probe
                0x0000000087812760      0x208 common/built-in.o
                0x0000000087812760                usb_storage_probe
 .text.usb_stor_get_info
                0x0000000087812968      0x324 common/built-in.o
                0x0000000087812968                usb_stor_get_info
 .text.usb_stor_scan
                0x0000000087812c8c      0x200 common/built-in.o
                0x0000000087812c8c                usb_stor_scan
 .text.do_imgextract
                0x0000000087812e8c      0x28c common/built-in.o
 .text.splash_screen_prepare
                0x0000000087813118        0x8 common/built-in.o
                0x0000000087813118                splash_screen_prepare
 .text.splash_get_pos
                0x0000000087813120       0x84 common/built-in.o
                0x0000000087813120                splash_get_pos
 .text.do_env_delete
                0x00000000878131a4       0x9c common/built-in.o
 .text.do_env_exists
                0x0000000087813240       0x64 common/built-in.o
 .text.do_env_save
                0x00000000878132a4       0x2c common/built-in.o
 .text.do_env   0x00000000878132d0       0x64 common/built-in.o
 .text.env_print
                0x0000000087813334       0xc0 common/built-in.o
 .text.do_env_print
                0x00000000878133f4       0xc4 common/built-in.o
 .text.do_env_default
                0x00000000878134b8       0xa8 common/built-in.o
 .text._do_env_set.isra.0
                0x0000000087813560      0x1b8 common/built-in.o
 .text.do_env_set
                0x0000000087813718       0x1c common/built-in.o
 .text.get_env_id
                0x0000000087813734       0x10 common/built-in.o
                0x0000000087813734                get_env_id
 .text.setenv   0x0000000087813744       0x58 common/built-in.o
                0x0000000087813744                setenv
 .text.setenv_ulong
                0x000000008781379c       0x20 common/built-in.o
                0x000000008781379c                setenv_ulong
 .text.setenv_hex
                0x00000000878137bc       0x34 common/built-in.o
                0x00000000878137bc                setenv_hex
 .text.envmatch
                0x00000000878137f0       0x6c common/built-in.o
                0x00000000878137f0                envmatch
 .text.getenv_f
                0x000000008781385c       0xc0 common/built-in.o
                0x000000008781385c                getenv_f
 .text.getenv   0x000000008781391c       0x78 common/built-in.o
                0x000000008781391c                getenv
 .text.getenv_hex
                0x0000000087813994       0x3c common/built-in.o
                0x0000000087813994                getenv_hex
 .text.getenv_ulong
                0x00000000878139d0       0x30 common/built-in.o
                0x00000000878139d0                getenv_ulong
 .text.do_env_edit
                0x0000000087813a00       0x78 common/built-in.o
 .text.env_get_char_spec
                0x0000000087813a78        0xc common/built-in.o
                0x0000000087813a78                env_get_char_spec
 .text.env_get_addr
                0x0000000087813a84       0x20 common/built-in.o
                0x0000000087813a84                env_get_addr
 .text.env_get_char_memory
                0x0000000087813aa4       0x10 common/built-in.o
                0x0000000087813aa4                env_get_char_memory
 .text.env_get_char
                0x0000000087813ab4       0x30 common/built-in.o
                0x0000000087813ab4                env_get_char
 .text.getenv_yesno
                0x0000000087813ae4       0x40 common/built-in.o
                0x0000000087813ae4                getenv_yesno
 .text.getenv_default
                0x0000000087813b24       0x30 common/built-in.o
                0x0000000087813b24                getenv_default
 .text.set_default_env
                0x0000000087813b54       0xc0 common/built-in.o
                0x0000000087813b54                set_default_env
 .text.set_default_vars
                0x0000000087813c14       0x3c common/built-in.o
                0x0000000087813c14                set_default_vars
 .text.env_import
                0x0000000087813c50       0xe0 common/built-in.o
                0x0000000087813c50                env_import
 .text.env_export
                0x0000000087813d30       0xa0 common/built-in.o
                0x0000000087813d30                env_export
 .text.env_relocate
                0x0000000087813dd0       0x30 common/built-in.o
                0x0000000087813dd0                env_relocate
 .text.env_complete
                0x0000000087813e00       0xdc common/built-in.o
                0x0000000087813e00                env_complete
 .text.console_setfile
                0x0000000087813edc       0xc0 common/built-in.o
 .text.serial_printf
                0x0000000087813f9c       0x4c common/built-in.o
                0x0000000087813f9c                serial_printf
 .text.puts     0x0000000087813fe8       0x34 common/built-in.o
                0x0000000087813fe8                puts
 .text.printf   0x000000008781401c       0x58 common/built-in.o
                0x000000008781401c                printf
 .text.putc     0x0000000087814074       0x34 common/built-in.o
                0x0000000087814074                putc
 .text.fgetc    0x00000000878140a8       0x24 common/built-in.o
                0x00000000878140a8                fgetc
 .text.getc     0x00000000878140cc       0x24 common/built-in.o
                0x00000000878140cc                getc
 .text.ftstc    0x00000000878140f0       0x24 common/built-in.o
                0x00000000878140f0                ftstc
 .text.tstc     0x0000000087814114       0x24 common/built-in.o
                0x0000000087814114                tstc
 .text.vprintf  0x0000000087814138       0x3c common/built-in.o
                0x0000000087814138                vprintf
 .text.ctrlc    0x0000000087814174       0x58 common/built-in.o
                0x0000000087814174                ctrlc
 .text.confirm_yesno
                0x00000000878141cc       0xd4 common/built-in.o
                0x00000000878141cc                confirm_yesno
 .text.had_ctrlc
                0x00000000878142a0       0x10 common/built-in.o
                0x00000000878142a0                had_ctrlc
 .text.clear_ctrlc
                0x00000000878142b0       0x14 common/built-in.o
                0x00000000878142b0                clear_ctrlc
 .text.search_device
                0x00000000878142c4       0x28 common/built-in.o
                0x00000000878142c4                search_device
 .text.console_assign
                0x00000000878142ec       0x48 common/built-in.o
                0x00000000878142ec                console_assign
 .text.on_console
                0x0000000087814334       0xc0 common/built-in.o
 .text.console_init_f
                0x00000000878143f4       0x10 common/built-in.o
                0x00000000878143f4                console_init_f
 .text.stdio_print_current_devices
                0x0000000087814404       0xb0 common/built-in.o
                0x0000000087814404                stdio_print_current_devices
 .text.console_init_r
                0x00000000878144b4      0x180 common/built-in.o
                0x00000000878144b4                console_init_r
 .text.sbrk     0x0000000087814634       0x70 common/built-in.o
                0x0000000087814634                sbrk
 .text.mem_malloc_init
                0x00000000878146a4       0x34 common/built-in.o
                0x00000000878146a4                mem_malloc_init
 .text.malloc_trim
                0x00000000878146d8       0xcc common/built-in.o
                0x00000000878146d8                malloc_trim
 .text.free     0x00000000878147a4      0x248 common/built-in.o
                0x00000000878147a4                free
 .text.malloc   0x00000000878149ec      0x62c common/built-in.o
                0x00000000878149ec                malloc
 .text.calloc   0x0000000087815018      0x148 common/built-in.o
                0x0000000087815018                calloc
 .text.realloc  0x0000000087815160      0x4d8 common/built-in.o
                0x0000000087815160                realloc
 .text.memalign
                0x0000000087815638      0x10c common/built-in.o
                0x0000000087815638                memalign
 .text.malloc_simple
                0x0000000087815744       0x30 common/built-in.o
                0x0000000087815744                malloc_simple
 .text.on_loadaddr
                0x0000000087815774       0x38 common/built-in.o
 .text.image_check_hcrc
                0x00000000878157ac       0x4c common/built-in.o
                0x00000000878157ac                image_check_hcrc
 .text.image_check_dcrc
                0x00000000878157f8       0x38 common/built-in.o
                0x00000000878157f8                image_check_dcrc
 .text.image_multi_count
                0x0000000087815830       0x1c common/built-in.o
                0x0000000087815830                image_multi_count
 .text.image_multi_getimg
                0x000000008781584c       0x80 common/built-in.o
                0x000000008781584c                image_multi_getimg
 .text.getenv_bootm_low
                0x00000000878158cc       0x30 common/built-in.o
                0x00000000878158cc                getenv_bootm_low
 .text.getenv_bootm_size
                0x00000000878158fc       0x5c common/built-in.o
                0x00000000878158fc                getenv_bootm_size
 .text.getenv_bootm_mapsize
                0x0000000087815958       0x30 common/built-in.o
                0x0000000087815958                getenv_bootm_mapsize
 .text.memmove_wd
                0x0000000087815988        0xc common/built-in.o
                0x0000000087815988                memmove_wd
 .text.genimg_print_size
                0x0000000087815994       0x30 common/built-in.o
                0x0000000087815994                genimg_print_size
 .text.get_table_entry_name
                0x00000000878159c4       0x2c common/built-in.o
                0x00000000878159c4                get_table_entry_name
 .text.genimg_get_os_name
                0x00000000878159f0       0x18 common/built-in.o
                0x00000000878159f0                genimg_get_os_name
 .text.genimg_get_arch_name
                0x0000000087815a08       0x18 common/built-in.o
                0x0000000087815a08                genimg_get_arch_name
 .text.genimg_get_type_name
                0x0000000087815a20       0x18 common/built-in.o
                0x0000000087815a20                genimg_get_type_name
 .text.genimg_get_comp_name
                0x0000000087815a38       0x18 common/built-in.o
                0x0000000087815a38                genimg_get_comp_name
 .text.image_print_contents
                0x0000000087815a50      0x174 common/built-in.o
                0x0000000087815a50                image_print_contents
 .text.genimg_get_kernel_addr_fit
                0x0000000087815bc4       0x24 common/built-in.o
                0x0000000087815bc4                genimg_get_kernel_addr_fit
 .text.genimg_get_format
                0x0000000087815be8       0x34 common/built-in.o
                0x0000000087815be8                genimg_get_format
 .text.genimg_get_image
                0x0000000087815c1c        0x4 common/built-in.o
                0x0000000087815c1c                genimg_get_image
 .text.genimg_has_config
                0x0000000087815c20        0x8 common/built-in.o
                0x0000000087815c20                genimg_has_config
 .text.boot_get_ramdisk
                0x0000000087815c28      0x238 common/built-in.o
                0x0000000087815c28                boot_get_ramdisk
 .text.boot_ramdisk_high
                0x0000000087815e60      0x130 common/built-in.o
                0x0000000087815e60                boot_ramdisk_high
 .text.boot_get_setup
                0x0000000087815f90        0x8 common/built-in.o
                0x0000000087815f90                boot_get_setup
 .text.image_setup_linux
                0x0000000087815f98       0x8c common/built-in.o
                0x0000000087815f98                image_setup_linux
 .text.fdt_error
                0x0000000087816024       0x2c common/built-in.o
 .text.boot_fdt_add_mem_rsv_regions
                0x0000000087816050       0x88 common/built-in.o
                0x0000000087816050                boot_fdt_add_mem_rsv_regions
 .text.boot_relocate_fdt
                0x00000000878160d8      0x194 common/built-in.o
                0x00000000878160d8                boot_relocate_fdt
 .text.boot_get_fdt
                0x000000008781626c      0x2ac common/built-in.o
                0x000000008781626c                boot_get_fdt
 .text.ft_verify_fdt
                0x0000000087816518        0x8 common/built-in.o
                0x0000000087816518                ft_verify_fdt
 .text.image_setup_libfdt
                0x0000000087816520       0xe8 common/built-in.o
                0x0000000087816520                image_setup_libfdt
 .text.get_effective_memsize
                0x0000000087816608        0x8 common/built-in.o
                0x0000000087816608                get_effective_memsize
 .text.nulldev_putc
                0x0000000087816610        0x4 common/built-in.o
 .text.nulldev_puts
                0x0000000087816614        0x4 common/built-in.o
 .text.nulldev_input
                0x0000000087816618        0x8 common/built-in.o
 .text.stdio_serial_tstc
                0x0000000087816620        0x4 common/built-in.o
 .text.stdio_serial_getc
                0x0000000087816624        0x4 common/built-in.o
 .text.stdio_serial_puts
                0x0000000087816628        0x8 common/built-in.o
 .text.stdio_serial_putc
                0x0000000087816630        0x8 common/built-in.o
 .text.stdio_get_list
                0x0000000087816638        0xc common/built-in.o
                0x0000000087816638                stdio_get_list
 .text.stdio_get_by_name
                0x0000000087816644       0x5c common/built-in.o
                0x0000000087816644                stdio_get_by_name
 .text.stdio_clone
                0x00000000878166a0       0x38 common/built-in.o
                0x00000000878166a0                stdio_clone
 .text.stdio_register_dev
                0x00000000878166d8       0x50 common/built-in.o
                0x00000000878166d8                stdio_register_dev
 .text.stdio_register
                0x0000000087816728        0x8 common/built-in.o
                0x0000000087816728                stdio_register
 .text.stdio_init_tables
                0x0000000087816730       0x1c common/built-in.o
                0x0000000087816730                stdio_init_tables
 .text.stdio_add_devices
                0x000000008781674c       0xd4 common/built-in.o
                0x000000008781674c                stdio_add_devices
 .text.run_command
                0x0000000087816820       0x10 common/built-in.o
                0x0000000087816820                run_command
 .text.run_command_list
                0x0000000087816830       0x5c common/built-in.o
                0x0000000087816830                run_command_list
 .text.do_run   0x000000008781688c       0x78 common/built-in.o
                0x000000008781688c                do_run
 .text.cli_loop
                0x0000000087816904        0xc common/built-in.o
                0x0000000087816904                cli_loop
 .text.cli_init
                0x0000000087816910        0x4 common/built-in.o
                0x0000000087816910                cli_init
 .text.delete_char.part.0
                0x0000000087816914       0xd0 common/built-in.o
 .text.cread_add_char
                0x00000000878169e4       0xe8 common/built-in.o
 .text.cli_readline_into_buffer
                0x0000000087816acc      0x9c4 common/built-in.o
                0x0000000087816acc                cli_readline_into_buffer
 .text.cli_readline
                0x0000000087817490       0x14 common/built-in.o
                0x0000000087817490                cli_readline
 .text.find_cmd_tbl
                0x00000000878174a4       0xa4 common/built-in.o
                0x00000000878174a4                find_cmd_tbl
 .text.find_cmd
                0x0000000087817548       0x28 common/built-in.o
                0x0000000087817548                find_cmd
 .text.cmd_usage
                0x0000000087817570       0x5c common/built-in.o
                0x0000000087817570                cmd_usage
 .text._do_help
                0x00000000878175cc      0x180 common/built-in.o
                0x00000000878175cc                _do_help
 .text.var_complete
                0x000000008781774c       0x7c common/built-in.o
                0x000000008781774c                var_complete
 .text.cmd_auto_complete
                0x00000000878177c8      0x4b4 common/built-in.o
                0x00000000878177c8                cmd_auto_complete
 .text.cmd_get_data_size
                0x0000000087817c7c       0x5c common/built-in.o
                0x0000000087817c7c                cmd_get_data_size
 .text.cmd_process
                0x0000000087817cd8       0xf4 common/built-in.o
                0x0000000087817cd8                cmd_process
 .text.cmd_process_error
                0x0000000087817dcc       0x34 common/built-in.o
                0x0000000087817dcc                cmd_process_error
 .text.hex1_bin
                0x0000000087817e00       0x40 common/built-in.o
 .text.hex2_bin
                0x0000000087817e40       0x38 common/built-in.o
 .text.srec_decode
                0x0000000087817e78      0x254 common/built-in.o
                0x0000000087817e78                srec_decode
 .text.CYGACC_COMM_IF_GETC_TIMEOUT.isra.0
                0x00000000878180cc       0x5c common/built-in.o
 .text.xyzModem_flush
                0x0000000087818128       0x1c common/built-in.o
 .text.xyzModem_get_hdr
                0x0000000087818144      0x230 common/built-in.o
 .text.xyzModem_stream_open
                0x0000000087818374      0x23c common/built-in.o
                0x0000000087818374                xyzModem_stream_open
 .text.xyzModem_stream_read
                0x00000000878185b0      0x258 common/built-in.o
                0x00000000878185b0                xyzModem_stream_read
 .text.xyzModem_stream_close
                0x0000000087818808       0x54 common/built-in.o
                0x0000000087818808                xyzModem_stream_close
 .text.xyzModem_stream_terminate
                0x000000008781885c       0x94 common/built-in.o
                0x000000008781885c                xyzModem_stream_terminate
 .text.xyzModem_error
                0x00000000878188f0       0x20 common/built-in.o
                0x00000000878188f0                xyzModem_error
 .text.common_diskboot
                0x0000000087818910      0x23c common/built-in.o
                0x0000000087818910                common_diskboot
 .text.get_dev_hwpart
                0x0000000087818b4c       0xb0 disk/built-in.o
 .text.dev_print
                0x0000000087818bfc      0x204 disk/built-in.o
                0x0000000087818bfc                dev_print
 .text.init_part
                0x0000000087818e00       0x20 disk/built-in.o
                0x0000000087818e00                init_part
 .text.print_part
                0x0000000087818e20       0xf4 disk/built-in.o
                0x0000000087818e20                print_part
 .text.get_partition_info
                0x0000000087818f14       0x2c disk/built-in.o
                0x0000000087818f14                get_partition_info
 .text.get_device
                0x0000000087818f40      0x114 disk/built-in.o
                0x0000000087818f40                get_device
 .text.get_device_and_partition
                0x0000000087819054      0x440 disk/built-in.o
                0x0000000087819054                get_device_and_partition
 .text.test_block_type
                0x0000000087819494       0x84 disk/built-in.o
 .text.print_partition_extended
                0x0000000087819518      0x278 disk/built-in.o
 .text.get_partition_info_extended.constprop.2
                0x0000000087819790      0x2d4 disk/built-in.o
 .text.test_part_dos
                0x0000000087819a64       0x64 disk/built-in.o
                0x0000000087819a64                test_part_dos
 .text.print_part_dos
                0x0000000087819ac8       0x34 disk/built-in.o
                0x0000000087819ac8                print_part_dos
 .text.get_partition_info_dos
                0x0000000087819afc       0x20 disk/built-in.o
                0x0000000087819afc                get_partition_info_dos
 .text.device_bind
                0x0000000087819b1c      0x268 drivers/built-in.o
                0x0000000087819b1c                device_bind
 .text.device_bind_by_name
                0x0000000087819d84       0x5c drivers/built-in.o
                0x0000000087819d84                device_bind_by_name
 .text.device_probe
                0x0000000087819de0        0x8 drivers/built-in.o
                0x0000000087819de0                device_probe
 .text.device_probe_child
                0x0000000087819de8      0x208 drivers/built-in.o
                0x0000000087819de8                device_probe_child
 .text.dev_get_platdata
                0x0000000087819ff0       0x34 drivers/built-in.o
                0x0000000087819ff0                dev_get_platdata
 .text.dev_get_priv
                0x000000008781a024       0x34 drivers/built-in.o
                0x000000008781a024                dev_get_priv
 .text.lists_driver_lookup_name
                0x000000008781a058       0x4c drivers/built-in.o
                0x000000008781a058                lists_driver_lookup_name
 .text.lists_uclass_lookup
                0x000000008781a0a4       0x3c drivers/built-in.o
                0x000000008781a0a4                lists_uclass_lookup
 .text.lists_bind_drivers
                0x000000008781a0e0       0x88 drivers/built-in.o
                0x000000008781a0e0                lists_bind_drivers
 .text.dm_root  0x000000008781a168       0x28 drivers/built-in.o
                0x000000008781a168                dm_root
 .text.dm_init  0x000000008781a190       0x58 drivers/built-in.o
                0x000000008781a190                dm_init
 .text.dm_scan_platdata
                0x000000008781a1e8       0x2c drivers/built-in.o
                0x000000008781a1e8                dm_scan_platdata
 .text.dm_scan_other
                0x000000008781a214        0x8 drivers/built-in.o
                0x000000008781a214                dm_scan_other
 .text.dm_init_and_scan
                0x000000008781a21c       0x30 drivers/built-in.o
                0x000000008781a21c                dm_init_and_scan
 .text.uclass_find
                0x000000008781a24c       0x4c drivers/built-in.o
                0x000000008781a24c                uclass_find
 .text.uclass_get
                0x000000008781a298      0x134 drivers/built-in.o
                0x000000008781a298                uclass_get
 .text.uclass_find_device
                0x000000008781a3cc       0x68 drivers/built-in.o
                0x000000008781a3cc                uclass_find_device
 .text.uclass_find_device_by_seq
                0x000000008781a434       0x7c drivers/built-in.o
                0x000000008781a434                uclass_find_device_by_seq
 .text.uclass_get_device
                0x000000008781a4b0       0x3c drivers/built-in.o
                0x000000008781a4b0                uclass_get_device
 .text.uclass_bind_device
                0x000000008781a4ec       0xa4 drivers/built-in.o
                0x000000008781a4ec                uclass_bind_device
 .text.uclass_unbind_device
                0x000000008781a590       0x50 drivers/built-in.o
                0x000000008781a590                uclass_unbind_device
 .text.uclass_resolve_seq
                0x000000008781a5e0       0xb0 drivers/built-in.o
                0x000000008781a5e0                uclass_resolve_seq
 .text.uclass_pre_probe_child
                0x000000008781a690       0x2c drivers/built-in.o
                0x000000008781a690                uclass_pre_probe_child
 .text.uclass_post_probe_device
                0x000000008781a6bc       0x20 drivers/built-in.o
                0x000000008781a6bc                uclass_post_probe_device
 .text.uclass_pre_remove_device
                0x000000008781a6dc       0x5c drivers/built-in.o
                0x000000008781a6dc                uclass_pre_remove_device
 .text.dm_warn  0x000000008781a738       0x28 drivers/built-in.o
                0x000000008781a738                dm_warn
 .text.device_free
                0x000000008781a760       0x90 drivers/built-in.o
                0x000000008781a760                device_free
 .text.device_remove
                0x000000008781a7f0      0x138 drivers/built-in.o
                0x000000008781a7f0                device_remove
 .text.finish_access
                0x000000008781a928       0x2c drivers/built-in.o
 .text.prepare_access
                0x000000008781a954       0x8c drivers/built-in.o
 .text.set_timing
                0x000000008781a9e0       0xb8 drivers/built-in.o
 .text.fuse_bank_physical
                0x000000008781aa98       0x78 drivers/built-in.o
                0x000000008781aa98                fuse_bank_physical
 .text.fuse_read
                0x000000008781ab10       0x74 drivers/built-in.o
                0x000000008781ab10                fuse_read
 .text.fuse_sense
                0x000000008781ab84       0xac drivers/built-in.o
                0x000000008781ab84                fuse_sense
 .text.fuse_prog
                0x000000008781ac30       0xa8 drivers/built-in.o
                0x000000008781ac30                fuse_prog
 .text.fuse_override
                0x000000008781acd8       0x6c drivers/built-in.o
                0x000000008781acd8                fuse_override
 .text.video_drawchars
                0x000000008781ad44      0x44c drivers/built-in.o
 .text.video_invertchar
                0x000000008781b190       0x74 drivers/built-in.o
 .text.draw_bitmap
                0x000000008781b204       0xdc drivers/built-in.o
 .text.console_newline.constprop.2
                0x000000008781b2e0       0xe0 drivers/built-in.o
 .text.board_cfb_skip
                0x000000008781b3c0        0x8 drivers/built-in.o
                0x000000008781b3c0                board_cfb_skip
 .text.console_cursor
                0x000000008781b3c8       0xcc drivers/built-in.o
                0x000000008781b3c8                console_cursor
 .text.video_putc
                0x000000008781b494      0x1c4 drivers/built-in.o
 .text.video_puts
                0x000000008781b658       0x7c drivers/built-in.o
 .text.video_set_lut
                0x000000008781b6d4        0x4 drivers/built-in.o
                0x000000008781b6d4                video_set_lut
 .text.display_rle8_bitmap
                0x000000008781b6d8      0x348 drivers/built-in.o
 .text.plot_logo_or_black
                0x000000008781ba20      0x268 drivers/built-in.o
 .text.do_clrlogo
                0x000000008781bc88       0x58 drivers/built-in.o
 .text.video_display_bitmap
                0x000000008781bce0      0x988 drivers/built-in.o
                0x000000008781bce0                video_display_bitmap
 .text.video_clear
                0x000000008781c668       0x54 drivers/built-in.o
                0x000000008781c668                video_clear
 .text.drv_video_init
                0x000000008781c6bc      0x448 drivers/built-in.o
                0x000000008781c6bc                drv_video_init
 .text.mxsfb_system_setup
                0x000000008781cb04        0x4 drivers/built-in.o
                0x000000008781cb04                mxsfb_system_setup
 .text.mxs_lcd_panel_setup
                0x000000008781cb08       0x78 drivers/built-in.o
                0x000000008781cb08                mxs_lcd_panel_setup
 .text.lcdif_power_down
                0x000000008781cb80       0x5c drivers/built-in.o
                0x000000008781cb80                lcdif_power_down
 .text.video_hw_init
                0x000000008781cbdc      0x320 drivers/built-in.o
                0x000000008781cbdc                video_hw_init
 .text.video_get_param_len.constprop.1
                0x000000008781cefc       0x20 drivers/built-in.o
 .text.video_get_params
                0x000000008781cf1c      0x4e0 drivers/built-in.o
                0x000000008781cf1c                video_get_params
 .text.reset_cpu
                0x000000008781d3fc       0x28 drivers/built-in.o
                0x000000008781d3fc                reset_cpu
 .text.thermal_get_temp
                0x000000008781d424       0x20 drivers/built-in.o
                0x000000008781d424                thermal_get_temp
 .text.read_cpu_temperature
                0x000000008781d444      0x144 drivers/built-in.o
 .text.imx_thermal_get_temp
                0x000000008781d588       0x48 drivers/built-in.o
                0x000000008781d588                imx_thermal_get_temp
 .text.imx_thermal_probe
                0x000000008781d5d0       0x7c drivers/built-in.o
 .text.gpio_set_value
                0x000000008781d64c       0x44 drivers/gpio/built-in.o
                0x000000008781d64c                gpio_set_value
 .text.gpio_get_value
                0x000000008781d690       0x34 drivers/gpio/built-in.o
                0x000000008781d690                gpio_get_value
 .text.gpio_request
                0x000000008781d6c4       0x10 drivers/gpio/built-in.o
                0x000000008781d6c4                gpio_request
 .text.gpio_free
                0x000000008781d6d4        0x8 drivers/gpio/built-in.o
                0x000000008781d6d4                gpio_free
 .text.gpio_direction_input
                0x000000008781d6dc       0x3c drivers/gpio/built-in.o
                0x000000008781d6dc                gpio_direction_input
 .text.gpio_direction_output
                0x000000008781d718       0x50 drivers/gpio/built-in.o
                0x000000008781d718                gpio_direction_output
 .text.i2c_get_adapter
                0x000000008781d768       0x64 drivers/i2c/built-in.o
                0x000000008781d768                i2c_get_adapter
 .text.i2c_init_bus
                0x000000008781d7cc       0x90 drivers/i2c/built-in.o
 .text.i2c_get_bus_num
                0x000000008781d85c        0x8 drivers/i2c/built-in.o
                0x000000008781d85c                i2c_get_bus_num
 .text.i2c_set_bus_num
                0x000000008781d864       0xbc drivers/i2c/built-in.o
                0x000000008781d864                i2c_set_bus_num
 .text.i2c_init_all
                0x000000008781d920       0x14 drivers/i2c/built-in.o
                0x000000008781d920                i2c_init_all
 .text.i2c_probe
                0x000000008781d934       0x2c drivers/i2c/built-in.o
                0x000000008781d934                i2c_probe
 .text.i2c_read
                0x000000008781d960       0x4c drivers/i2c/built-in.o
                0x000000008781d960                i2c_read
 .text.i2c_write
                0x000000008781d9ac       0x4c drivers/i2c/built-in.o
                0x000000008781d9ac                i2c_write
 .text.i2c_set_bus_speed
                0x000000008781d9f8       0x64 drivers/i2c/built-in.o
                0x000000008781d9f8                i2c_set_bus_speed
 .text.i2c_get_bus_speed
                0x000000008781da5c       0x14 drivers/i2c/built-in.o
                0x000000008781da5c                i2c_get_bus_speed
 .text.i2c_init
                0x000000008781da70       0x14 drivers/i2c/built-in.o
                0x000000008781da70                i2c_init
 .text.wait_for_sr_state
                0x000000008781da84       0xb0 drivers/i2c/built-in.o
 .text.tx_byte  0x000000008781db34       0x2c drivers/i2c/built-in.o
 .text.i2c_imx_get_clk
                0x000000008781db60       0x64 drivers/i2c/built-in.o
 .text.i2c_imx_stop
                0x000000008781dbc4       0x3c drivers/i2c/built-in.o
 .text.mxc_i2c_set_bus_speed
                0x000000008781dc00       0x40 drivers/i2c/built-in.o
 .text.__i2c_force_reset_slave
                0x000000008781dc40        0x4 drivers/i2c/built-in.o
                0x000000008781dc40                __i2c_force_reset_slave
                0x000000008781dc40                i2c_force_reset_slave
 .text.i2c_init_transfer
                0x000000008781dc44      0x1dc drivers/i2c/built-in.o
 .text.bus_i2c_read
                0x000000008781de20       0xfc drivers/i2c/built-in.o
                0x000000008781de20                bus_i2c_read
 .text.mxc_i2c_read
                0x000000008781df1c       0x14 drivers/i2c/built-in.o
 .text.bus_i2c_write
                0x000000008781df30       0x50 drivers/i2c/built-in.o
                0x000000008781df30                bus_i2c_write
 .text.mxc_i2c_write
                0x000000008781df80       0x14 drivers/i2c/built-in.o
 .text.mxc_i2c_probe
                0x000000008781df94       0x30 drivers/i2c/built-in.o
 .text.bus_i2c_init
                0x000000008781dfc4       0x74 drivers/i2c/built-in.o
                0x000000008781dfc4                bus_i2c_init
 .text.mxc_i2c_init
                0x000000008781e038       0x28 drivers/i2c/built-in.o
 .text.esdhc_getcd
                0x000000008781e060       0x40 drivers/mmc/built-in.o
 .text.esdhc_set_ios
                0x000000008781e0a0      0x124 drivers/mmc/built-in.o
 .text.esdhc_init
                0x000000008781e1c4       0xa4 drivers/mmc/built-in.o
 .text.check_and_invalidate_dcache_range.isra.0
                0x000000008781e268       0x30 drivers/mmc/built-in.o
 .text.esdhc_send_cmd
                0x000000008781e298      0x3d8 drivers/mmc/built-in.o
 .text.fsl_esdhc_initialize
                0x000000008781e670      0x168 drivers/mmc/built-in.o
                0x000000008781e670                fsl_esdhc_initialize
 .text.fsl_esdhc_mmc_init
                0x000000008781e7d8       0x38 drivers/mmc/built-in.o
                0x000000008781e7d8                fsl_esdhc_mmc_init
 .text.mmc_set_ios
                0x000000008781e810       0x18 drivers/mmc/built-in.o
 .text.mmc_set_capacity
                0x000000008781e828       0xa8 drivers/mmc/built-in.o
 .text.board_mmc_getwp
                0x000000008781e8d0        0x8 drivers/mmc/built-in.o
                0x000000008781e8d0                board_mmc_getwp
 .text.mmc_getwp
                0x000000008781e8d8       0x3c drivers/mmc/built-in.o
                0x000000008781e8d8                mmc_getwp
 .text.mmc_send_cmd
                0x000000008781e914       0x10 drivers/mmc/built-in.o
                0x000000008781e914                mmc_send_cmd
 .text.mmc_send_ext_csd
                0x000000008781e924       0x4c drivers/mmc/built-in.o
 .text.mmc_go_idle
                0x000000008781e970       0x4c drivers/mmc/built-in.o
 .text.mmc_send_op_cond_iter
                0x000000008781e9bc       0x80 drivers/mmc/built-in.o
 .text.mmc_send_status
                0x000000008781ea3c       0xd0 drivers/mmc/built-in.o
                0x000000008781ea3c                mmc_send_status
 .text.mmc_switch.isra.1
                0x000000008781eb0c       0x54 drivers/mmc/built-in.o
 .text.mmc_set_blocklen
                0x000000008781eb60       0x40 drivers/mmc/built-in.o
                0x000000008781eb60                mmc_set_blocklen
 .text.find_mmc_device
                0x000000008781eba0       0x4c drivers/mmc/built-in.o
                0x000000008781eba0                find_mmc_device
 .text.mmc_bread
                0x000000008781ebec      0x144 drivers/mmc/built-in.o
 .text.mmc_switch_part
                0x000000008781ed30       0x58 drivers/mmc/built-in.o
                0x000000008781ed30                mmc_switch_part
 .text.mmc_select_hwpart
                0x000000008781ed88       0x6c drivers/mmc/built-in.o
                0x000000008781ed88                mmc_select_hwpart
 .text.mmc_hwpart_config
                0x000000008781edf4      0x41c drivers/mmc/built-in.o
                0x000000008781edf4                mmc_hwpart_config
 .text.mmc_getcd
                0x000000008781f210       0x3c drivers/mmc/built-in.o
                0x000000008781f210                mmc_getcd
 .text.mmc_set_clock
                0x000000008781f24c       0x24 drivers/mmc/built-in.o
                0x000000008781f24c                mmc_set_clock
 .text.mmc_startup
                0x000000008781f270      0xcbc drivers/mmc/built-in.o
 .text.mmc_create
                0x000000008781ff2c       0xfc drivers/mmc/built-in.o
                0x000000008781ff2c                mmc_create
 .text.board_mmc_power_init
                0x0000000087820028        0x4 drivers/mmc/built-in.o
                0x0000000087820028                board_mmc_power_init
 .text.mmc_start_init
                0x000000008782002c      0x288 drivers/mmc/built-in.o
                0x000000008782002c                mmc_start_init
 .text.mmc_init
                0x00000000878202b4      0x100 drivers/mmc/built-in.o
                0x00000000878202b4                mmc_init
 .text.mmc_get_dev
                0x00000000878203b4       0x2c drivers/mmc/built-in.o
                0x00000000878203b4                mmc_get_dev
 .text.mmc_set_dsr
                0x00000000878203e0        0xc drivers/mmc/built-in.o
                0x00000000878203e0                mmc_set_dsr
 .text.print_mmc_devices
                0x00000000878203ec       0xc0 drivers/mmc/built-in.o
                0x00000000878203ec                print_mmc_devices
 .text.get_mmc_num
                0x00000000878204ac       0x10 drivers/mmc/built-in.o
                0x00000000878204ac                get_mmc_num
 .text.mmc_initialize
                0x00000000878204bc       0x74 drivers/mmc/built-in.o
                0x00000000878204bc                mmc_initialize
 .text.mmc_boot_partition_size_change
                0x0000000087820530       0xc4 drivers/mmc/built-in.o
                0x0000000087820530                mmc_boot_partition_size_change
 .text.mmc_set_boot_bus_width
                0x00000000878205f4       0x14 drivers/mmc/built-in.o
                0x00000000878205f4                mmc_set_boot_bus_width
 .text.mmc_set_part_conf
                0x0000000087820608       0x14 drivers/mmc/built-in.o
                0x0000000087820608                mmc_set_part_conf
 .text.mmc_set_rst_n_function
                0x000000008782061c        0xc drivers/mmc/built-in.o
                0x000000008782061c                mmc_set_rst_n_function
 .text.mmc_berase
                0x0000000087820628      0x194 drivers/mmc/built-in.o
                0x0000000087820628                mmc_berase
 .text.mmc_bwrite
                0x00000000878207bc      0x164 drivers/mmc/built-in.o
                0x00000000878207bc                mmc_bwrite
 .text.spi_flash_probe_slave
                0x0000000087820920      0x3b0 drivers/mtd/spi/built-in.o
                0x0000000087820920                spi_flash_probe_slave
 .text.spi_flash_probe_tail
                0x0000000087820cd0       0x50 drivers/mtd/spi/built-in.o
                0x0000000087820cd0                spi_flash_probe_tail
 .text.spi_flash_probe
                0x0000000087820d20       0x18 drivers/mtd/spi/built-in.o
                0x0000000087820d20                spi_flash_probe
 .text.spi_flash_free
                0x0000000087820d38       0x1c drivers/mtd/spi/built-in.o
                0x0000000087820d38                spi_flash_free
 .text.spi_flash_read_write
                0x0000000087820d54       0x74 drivers/mtd/spi/built-in.o
 .text.spi_flash_cmd_read
                0x0000000087820dc8       0x20 drivers/mtd/spi/built-in.o
                0x0000000087820dc8                spi_flash_cmd_read
 .text.spi_flash_cmd
                0x0000000087820de8       0x2c drivers/mtd/spi/built-in.o